
> werewolf-web@0.1.0 build
> next build

â–² Next.js 16.2.10 (Turbopack)

node.exe : â The 
"middleware" file 
convention is 
deprecated. Please 
use "proxy" instead. 
Learn more: https://ne
xtjs.org/docs/messages
/middleware-to-proxy
At line:1 char:1
+ & "C:\Program Files\
nodejs/node.exe" 
"C:\Program 
Files\nodejs/node_mo 
...
+ ~~~~~~~~~~~~~~~~~~~~
~~~~~~~~~~~~~~~~~~~~~~
~~~~~~~~~~~~~~~~~~~~~~
~~~~~
    + CategoryInfo    
          : NotSpeci  
  fied: (â The "m    
iddle...leware-to    
-proxy:String) []    
, RemoteException
    + FullyQualifiedE 
   rrorId : NativeCo  
  mmandError
 
  Creating an optimized production build ...
âœ“ Compiled successfully in 2.4s
  Running TypeScript ...
  Finished TypeScript in 2.6s ...
  Collecting page data using 9 workers ...
  Generating static pages using 9 workers (0/6) ...
Error occurred 
prerendering page 
"/login". Read more: h
ttps://nextjs.org/docs
/messages/prerender-er
ror
Error: @supabase/ssr: 
Your project's URL 
and API key are 
required to create a 
Supabase client!

Check your Supabase 
project's API 
settings to find 
these values

https://supabase.com/d
ashboard/project/_/set
tings/api
    at <unknown> (http
s://supabase.com/dashb
oard/project/_/setting
s/api)
    at <unknown> (C:\P
roject\werewolf-web\.n
ext\server\chunks\ssr\
_1w-heve._.js:42:30)
    at c7 (C:\Project\
werewolf-web\.next\ser
ver\chunks\ssr\_1w-hev
e._.js:46:4713)
    at <unknown> (C:\P
roject\werewolf-web\.n
ext\server\chunks\ssr\
_1w-heve._.js:46:4989)
 {
  digest: '600924168'
}
Export encountered an 
error on 
/(auth)/login/page: 
/login, exiting the 
build.
â¨¯ Next.js build 
worker exited with 
code: 1 and signal: 
null
